// Jest Snapshot v1, https://goo.gl/fbAQLP

exports[`<NavBar/> successfully renders the component, matches snapshot 1`] = `
<DocumentFragment>
  <div
    class="nav-bar"
  >
    <nav
      class="sc-bcXHqe llTDYN"
    >
      <img
        alt="logo"
        class="logo"
        src="logo.png"
      />
      <div
        class="sc-dkrFOg fLDoxR"
      >
        <a
          class="sc-gswNZR kjkvCA"
          href="/profile"
        >
          Profile
        </a>
        <a
          class="sc-gswNZR kjkvCA"
          href="/progress"
        >
          Progress
        </a>
        <a
          class="sc-gswNZR kjkvCA"
          href="/game"
        >
          Game
        </a>
        <a
          aria-current="page"
          class="sc-gswNZR kjkvCA active"
          href="/"
        >
          <button
            class="navButtonLogout"
          />
        </a>
      </div>
    </nav>
  </div>
</DocumentFragment>
`;
