// Jest Snapshot v1, https://goo.gl/fbAQLP

exports[`<QuestionCard/> successfully renders the component, matches snapshot 1`] = `
<DocumentFragment>
  <div
    class="questionDiv"
  >
    <div
      class="column-div"
    >
      <h1>
         
      </h1>
      <div
        class="questionDisplay"
      >
        <h2
          class="h2QuestionGame"
        >
          undefined)  
        </h2>
        <h2
          class="h2QuestionGame"
          data-testid="threeDig"
        >
          70 - 20 + 30 =
        </h2>
        <input
          class="inputGame"
          type="number"
          value="70"
        />
      </div>
    </div>
  </div>
</DocumentFragment>
`;
