// Jest Snapshot v1, https://goo.gl/fbAQLP

exports[`<QuestionCard/> successfully renders the component, matches snapshot 1`] = `
<DocumentFragment>
  <div
    class="questionDiv"
  >
    <h2
      class="h2QuestionGame"
    >
      undefined)  
    </h2>
    <h2
      class="h2QuestionGame"
      data-testid="questionCard"
    >
      50 + 20 =
    </h2>
    <input
      class="inputGame"
      type="number"
      value="70"
    />
  </div>
</DocumentFragment>
`;
